// Jest Snapshot v1, https://goo.gl/fbAQLP

exports[`should render Expense dashboard 1`] = `
<div>
  <Connect(ExpenseListFilters) />
  <Connect(ExpenseList) />
  <p>
    This is from my dashboard component
  </p>
</div>
`;
