// Jest Snapshot v1, https://goo.gl/fbAQLP

exports[`should render expense list items 1`] = `
<Link
  className="lists-item"
  to="/edit/1"
>
  <div>
    <h3
      className="lists-item__title"
    >
      Gum
    </h3>
    <span
      className="lists-item__subtitle"
    >
      January 1st, 1970
    </span>
  </div>
  <h3
    className="lists-item__data"
  >
    $1.95
     
  </h3>
</Link>
`;
